# 删除数据库

**<span style="color: red;">在删除数据库过程中，务必要十分谨慎，因为在执行删除命令后，所有数据将会消失。</span>**

## drop 命令删除数据库
#### drop 命令格式：
```sql
DROP DATABASE <database_name>;        -- 直接删除数据库，不检查是否存在
或
DROP DATABASE [IF EXISTS] <database_name>;
```
#### 参数说明：


+ IF EXISTS 是一个可选的子句，表示如果数据库存在才执行删除操作，避免因为数据库不存在而引发错误。
+ database_name 是你要删除的数据库的名称。

<span style="color: red;">注意： 在执行删除数据库操作前，请确保你确实想要删除数据库及其所有数据，因为该操作是不可逆的。为了避免误操作，通常建议在执行删除之前备份数据库。</span>

<span style="color: green;">查看现有数据库</span>
```sql
mysql> show databases;
+--------------------+
| Database           |
+--------------------+
| information_schema |
| mysql              |
| performance_schema |
| runoob             |
| sys                |
+--------------------+
5 rows in set (0.00 sec)
```

<span style="color: green;">删除数据库 cambridge, 会报错，因为其不存在</span>
```sql
mysql> drop database cambridge;
ERROR 1008 (HY000): Can't drop database 'cambridge'; database doesn't exist
```

<span style="color: green;">再次删除cambridge 数据库，没有报错</span>
```sql
mysql> drop database if exists cambridge;
Query OK, 0 rows affected, 1 warning (0.00 sec)
```

<span style="color: green;">删除runoob 数据库，没有报错，并查看删除后的结果</span>
```sql
mysql> drop database if exists runoob;
Query OK, 0 rows affected (0.01 sec)

mysql> show databases;
+--------------------+
| Database           |
+--------------------+
| information_schema |
| mysql              |
| performance_schema |
| sys                |
+--------------------+
4 rows in set (0.00 sec)
```

确认之前创建的 runoob 数据库已经删除

```sql

```